2026-05-24 22:59:38,843 | INFO | Logger initialized: /home/heqing/LBB_competition/logs/autotune_20260524_225938.log
2026-05-24 22:59:39,960 | INFO | Autotune hardware: cuda | GPUs=8 | names=['NVIDIA RTX A6000', 'NVIDIA RTX A6000', 'NVIDIA RTX A6000', 'NVIDIA RTX A6000', 'NVIDIA RTX A6000', 'NVIDIA RTX A6000', 'NVIDIA RTX A6000', 'NVIDIA RTX A6000']
2026-05-24 22:59:39,962 | INFO | Picked 3 trials from 144 candidates
2026-05-24 22:59:39,963 | INFO | ===== Trial 1/3 =====
2026-05-24 22:59:39,963 | INFO | Overrides: {"model.detector_name": "retinanet_resnet50_fpn_v2", "training.lr": 0.0004, "training.weight_decay": 0.0005, "training.center_loss_weight": 0.0, "hybrid.metric_weight": 0.15, "model.score_threshold": 0.05}
2026-05-24 23:00:19,617 | INFO | Validation mAP@0.5 = 0.000000
2026-05-24 23:00:19,618 | INFO | trial=1 epoch=1 train_loss=1.103745 val_mAP50=0.000000 lr=0.00020050
2026-05-24 23:00:29,907 | INFO | Validation mAP@0.5 = 0.000000
2026-05-24 23:00:29,908 | INFO | trial=1 epoch=2 train_loss=0.938849 val_mAP50=0.000000 lr=0.00000100
2026-05-24 23:00:29,980 | INFO | Trial 1 result: {'trial_id': 1, 'best_map50': 0.0, 'best_epoch': 1, 'elapsed_sec': 26.03, 'detector': 'retinanet_resnet50_fpn_v2', 'lr': 0.0004, 'weight_decay': 0.0005, 'center_loss_weight': 0.0, 'metric_weight': 0.15, 'score_threshold': 0.05}
2026-05-24 23:00:29,981 | INFO | ===== Trial 2/3 =====
2026-05-24 23:00:29,981 | INFO | Overrides: {"model.detector_name": "retinanet_resnet50_fpn_v2", "training.lr": 0.0001, "training.weight_decay": 0.0005, "training.center_loss_weight": 0.0, "hybrid.metric_weight": 0.35, "model.score_threshold": 0.05}
2026-05-24 23:00:41,138 | INFO | Validation mAP@0.5 = 0.000000
2026-05-24 23:00:41,138 | INFO | trial=2 epoch=1 train_loss=1.073222 val_mAP50=0.000000 lr=0.00005050
2026-05-24 23:00:53,401 | INFO | Validation mAP@0.5 = 0.000000
2026-05-24 23:00:53,402 | INFO | trial=2 epoch=2 train_loss=0.940173 val_mAP50=0.000000 lr=0.00000100
2026-05-24 23:00:53,473 | INFO | Trial 2 result: {'trial_id': 2, 'best_map50': 0.0, 'best_epoch': 1, 'elapsed_sec': 22.85, 'detector': 'retinanet_resnet50_fpn_v2', 'lr': 0.0001, 'weight_decay': 0.0005, 'center_loss_weight': 0.0, 'metric_weight': 0.35, 'score_threshold': 0.05}
2026-05-24 23:00:53,474 | INFO | ===== Trial 3/3 =====
2026-05-24 23:00:53,474 | INFO | Overrides: {"model.detector_name": "fasterrcnn_resnet50_fpn_v2", "training.lr": 0.0002, "training.weight_decay": 0.0005, "training.center_loss_weight": 0.0, "hybrid.metric_weight": 0.25, "model.score_threshold": 0.05}
2026-05-24 23:01:05,861 | INFO | Validation mAP@0.5 = 0.016487
2026-05-24 23:01:05,862 | INFO | trial=3 epoch=1 train_loss=0.476571 val_mAP50=0.016487 lr=0.00010050
2026-05-24 23:01:18,734 | INFO | Validation mAP@0.5 = 0.021361
2026-05-24 23:01:18,735 | INFO | trial=3 epoch=2 train_loss=0.197556 val_mAP50=0.021361 lr=0.00000100
2026-05-24 23:01:18,800 | INFO | Trial 3 result: {'trial_id': 3, 'best_map50': 0.02136055850855937, 'best_epoch': 2, 'elapsed_sec': 24.63, 'detector': 'fasterrcnn_resnet50_fpn_v2', 'lr': 0.0002, 'weight_decay': 0.0005, 'center_loss_weight': 0.0, 'metric_weight': 0.25, 'score_threshold': 0.05}
2026-05-24 23:01:18,812 | INFO | Autotune finished. Best={'trial_id': 3, 'best_map50': 0.02136055850855937, 'best_epoch': 2, 'elapsed_sec': 24.63, 'detector': 'fasterrcnn_resnet50_fpn_v2', 'lr': 0.0002, 'weight_decay': 0.0005, 'center_loss_weight': 0.0, 'metric_weight': 0.25, 'score_threshold': 0.05}
2026-05-24 23:01:18,812 | INFO | Best config saved: /home/heqing/LBB_competition/outputs/autotune_stage4/config.autotuned.yaml
