2026-05-25 11:38:55,999 | INFO | Logger initialized: /home/heqing/LBB_competition/logs/train_20260525_113855.log
2026-05-25 11:38:57,094 | INFO | Hardware: device=cuda gpu_count=8 gpu_names=['NVIDIA RTX A6000', 'NVIDIA RTX A6000', 'NVIDIA RTX A6000', 'NVIDIA RTX A6000', 'NVIDIA RTX A6000', 'NVIDIA RTX A6000', 'NVIDIA RTX A6000', 'NVIDIA RTX A6000'] total_vram_gb=379.21
2026-05-25 11:38:57,184 | INFO | Data split: train=132 val=32 | batch=4 workers=12 | defect_imgs=45 clean_imgs=87
2026-05-25 11:38:57,802 | INFO | Model built: detector=fasterrcnn_resnet50_fpn_v2 classes=5 hybrid(proposal=True metric=True)
2026-05-25 11:39:06,050 | INFO | Epoch 1 train_loss=0.467217 lr=0.00019945
2026-05-25 11:39:10,951 | INFO | Validation mAP@0.5 = 0.020833
2026-05-25 11:39:11,964 | INFO | Saved new best checkpoint: /home/heqing/LBB_competition/checkpoints/best_model.pt
2026-05-25 11:39:19,524 | INFO | Epoch 2 train_loss=0.194719 lr=0.00019783
2026-05-25 11:39:28,490 | INFO | Validation mAP@0.5 = 0.008786
2026-05-25 11:39:36,333 | INFO | Epoch 3 train_loss=0.180643 lr=0.00019513
2026-05-25 11:39:41,030 | INFO | Validation mAP@0.5 = 0.050367
2026-05-25 11:39:41,944 | INFO | Saved new best checkpoint: /home/heqing/LBB_competition/checkpoints/best_model.pt
2026-05-25 11:39:49,294 | INFO | Epoch 4 train_loss=0.140493 lr=0.00019140
2026-05-25 11:39:54,011 | INFO | Validation mAP@0.5 = 0.067127
2026-05-25 11:39:55,012 | INFO | Saved new best checkpoint: /home/heqing/LBB_competition/checkpoints/best_model.pt
2026-05-25 11:40:02,717 | INFO | Epoch 5 train_loss=0.203248 lr=0.00018667
2026-05-25 11:40:11,500 | INFO | Validation mAP@0.5 = 0.039102
2026-05-25 11:40:21,134 | INFO | Epoch 6 train_loss=0.184858 lr=0.00018100
2026-05-25 11:40:26,337 | INFO | Validation mAP@0.5 = 0.114853
2026-05-25 11:40:27,327 | INFO | Saved new best checkpoint: /home/heqing/LBB_competition/checkpoints/best_model.pt
2026-05-25 11:40:34,858 | INFO | Epoch 7 train_loss=0.135221 lr=0.00017444
2026-05-25 11:40:39,590 | INFO | Validation mAP@0.5 = 0.109421
2026-05-25 11:40:46,959 | INFO | Epoch 8 train_loss=0.128431 lr=0.00016708
2026-05-25 11:40:51,670 | INFO | Validation mAP@0.5 = 0.117996
2026-05-25 11:40:52,666 | INFO | Saved new best checkpoint: /home/heqing/LBB_competition/checkpoints/best_model.pt
2026-05-25 11:41:01,420 | INFO | Epoch 9 train_loss=0.122100 lr=0.00015898
2026-05-25 11:41:07,999 | INFO | Validation mAP@0.5 = 0.119418
2026-05-25 11:41:08,992 | INFO | Saved new best checkpoint: /home/heqing/LBB_competition/checkpoints/best_model.pt
2026-05-25 11:41:16,602 | INFO | Epoch 10 train_loss=0.118444 lr=0.00015025
2026-05-25 11:41:21,331 | INFO | Validation mAP@0.5 = 0.183514
2026-05-25 11:41:22,263 | INFO | Saved new best checkpoint: /home/heqing/LBB_competition/checkpoints/best_model.pt
2026-05-25 11:41:29,779 | INFO | Epoch 11 train_loss=0.128317 lr=0.00014097
2026-05-25 11:41:34,508 | INFO | Validation mAP@0.5 = 0.111830
2026-05-25 11:41:43,115 | INFO | Epoch 12 train_loss=0.144151 lr=0.00013125
2026-05-25 11:41:50,145 | INFO | Validation mAP@0.5 = 0.107680
2026-05-25 11:41:57,688 | INFO | Epoch 13 train_loss=0.119911 lr=0.00012119
2026-05-25 11:42:02,399 | INFO | Validation mAP@0.5 = 0.165680
2026-05-25 11:42:09,838 | INFO | Epoch 14 train_loss=0.089846 lr=0.00011090
2026-05-25 11:42:14,478 | INFO | Validation mAP@0.5 = 0.134457
2026-05-25 11:42:22,227 | INFO | Epoch 15 train_loss=0.129804 lr=0.00010050
2026-05-25 11:42:30,810 | INFO | Validation mAP@0.5 = 0.177397
2026-05-25 11:42:41,116 | INFO | Epoch 16 train_loss=0.126111 lr=0.00009010
2026-05-25 11:42:45,766 | INFO | Validation mAP@0.5 = 0.126594
2026-05-25 11:42:53,369 | INFO | Epoch 17 train_loss=0.078551 lr=0.00007981
2026-05-25 11:42:58,047 | INFO | Validation mAP@0.5 = 0.126488
2026-05-25 11:43:05,500 | INFO | Epoch 18 train_loss=0.083084 lr=0.00006975
2026-05-25 11:43:10,113 | INFO | Validation mAP@0.5 = 0.153418
2026-05-25 11:43:11,097 | INFO | Early stopping triggered at epoch 18
2026-05-25 11:43:11,684 | INFO | Training finished. best_mAP50=0.183514
