2026-05-25 11:45:56,998 | INFO | Logger initialized: /home/heqing/LBB_competition/logs/train_20260525_114556.log
2026-05-25 11:45:58,099 | INFO | Hardware: device=cuda gpu_count=8 gpu_names=['NVIDIA RTX A6000', 'NVIDIA RTX A6000', 'NVIDIA RTX A6000', 'NVIDIA RTX A6000', 'NVIDIA RTX A6000', 'NVIDIA RTX A6000', 'NVIDIA RTX A6000', 'NVIDIA RTX A6000'] total_vram_gb=379.21
2026-05-25 11:45:58,188 | INFO | Data split: train=132 val=32 | batch=4 workers=12 | defect_imgs=45 clean_imgs=87
2026-05-25 11:45:58,810 | INFO | Model built: detector=fasterrcnn_resnet50_fpn_v2 classes=5 hybrid(proposal=True metric=True)
2026-05-25 11:46:07,043 | INFO | Epoch 1 train_loss=0.466116 lr=0.00019945
2026-05-25 11:46:12,074 | INFO | Validation mAP@0.5 = 0.007700
2026-05-25 11:46:13,064 | INFO | Saved new best checkpoint: /home/heqing/LBB_competition/checkpoints/best_model.pt
2026-05-25 11:46:20,565 | INFO | Epoch 2 train_loss=0.194737 lr=0.00019783
2026-05-25 11:46:25,234 | INFO | Validation mAP@0.5 = 0.009331
2026-05-25 11:46:26,234 | INFO | Saved new best checkpoint: /home/heqing/LBB_competition/checkpoints/best_model.pt
2026-05-25 11:46:33,485 | INFO | Epoch 3 train_loss=0.175588 lr=0.00019513
2026-05-25 11:46:38,208 | INFO | Validation mAP@0.5 = 0.073663
2026-05-25 11:46:39,182 | INFO | Saved new best checkpoint: /home/heqing/LBB_competition/checkpoints/best_model.pt
2026-05-25 11:46:46,783 | INFO | Epoch 4 train_loss=0.150410 lr=0.00019140
2026-05-25 11:46:51,452 | INFO | Validation mAP@0.5 = 0.097709
2026-05-25 11:46:52,452 | INFO | Saved new best checkpoint: /home/heqing/LBB_competition/checkpoints/best_model.pt
2026-05-25 11:47:00,051 | INFO | Epoch 5 train_loss=0.183510 lr=0.00018667
2026-05-25 11:47:04,819 | INFO | Validation mAP@0.5 = 0.099454
2026-05-25 11:47:05,825 | INFO | Saved new best checkpoint: /home/heqing/LBB_competition/checkpoints/best_model.pt
2026-05-25 11:47:13,671 | INFO | Epoch 6 train_loss=0.181997 lr=0.00018100
2026-05-25 11:47:18,390 | INFO | Validation mAP@0.5 = 0.103206
2026-05-25 11:47:19,317 | INFO | Saved new best checkpoint: /home/heqing/LBB_competition/checkpoints/best_model.pt
2026-05-25 11:47:26,752 | INFO | Epoch 7 train_loss=0.132084 lr=0.00017444
2026-05-25 11:47:31,624 | INFO | Validation mAP@0.5 = 0.158658
2026-05-25 11:47:32,550 | INFO | Saved new best checkpoint: /home/heqing/LBB_competition/checkpoints/best_model.pt
2026-05-25 11:47:39,860 | INFO | Epoch 8 train_loss=0.120987 lr=0.00016708
2026-05-25 11:47:44,889 | INFO | Validation mAP@0.5 = 0.053693
2026-05-25 11:47:52,280 | INFO | Epoch 9 train_loss=0.112187 lr=0.00015898
2026-05-25 11:47:57,228 | INFO | Validation mAP@0.5 = 0.143928
2026-05-25 11:48:04,844 | INFO | Epoch 10 train_loss=0.110730 lr=0.00015025
2026-05-25 11:48:09,666 | INFO | Validation mAP@0.5 = 0.157365
2026-05-25 11:48:17,327 | INFO | Epoch 11 train_loss=0.152750 lr=0.00014097
2026-05-25 11:48:22,157 | INFO | Validation mAP@0.5 = 0.208691
2026-05-25 11:48:23,108 | INFO | Saved new best checkpoint: /home/heqing/LBB_competition/checkpoints/best_model.pt
2026-05-25 11:48:30,672 | INFO | Epoch 12 train_loss=0.148615 lr=0.00013125
2026-05-25 11:48:35,450 | INFO | Validation mAP@0.5 = 0.171875
2026-05-25 11:48:42,960 | INFO | Epoch 13 train_loss=0.117778 lr=0.00012119
2026-05-25 11:48:47,990 | INFO | Validation mAP@0.5 = 0.164539
2026-05-25 11:48:55,366 | INFO | Epoch 14 train_loss=0.093603 lr=0.00011090
2026-05-25 11:49:00,260 | INFO | Validation mAP@0.5 = 0.119687
2026-05-25 11:49:07,780 | INFO | Epoch 15 train_loss=0.124972 lr=0.00010050
2026-05-25 11:49:12,606 | INFO | Validation mAP@0.5 = 0.167816
2026-05-25 11:49:20,189 | INFO | Epoch 16 train_loss=0.108162 lr=0.00009010
2026-05-25 11:49:24,985 | INFO | Validation mAP@0.5 = 0.138870
2026-05-25 11:49:32,742 | INFO | Epoch 17 train_loss=0.075615 lr=0.00007981
2026-05-25 11:49:37,619 | INFO | Validation mAP@0.5 = 0.197971
2026-05-25 11:49:45,059 | INFO | Epoch 18 train_loss=0.074276 lr=0.00006975
2026-05-25 11:49:49,912 | INFO | Validation mAP@0.5 = 0.245915
2026-05-25 11:49:50,868 | INFO | Saved new best checkpoint: /home/heqing/LBB_competition/checkpoints/best_model.pt
2026-05-25 11:49:58,222 | INFO | Epoch 19 train_loss=0.077379 lr=0.00006003
2026-05-25 11:50:03,031 | INFO | Validation mAP@0.5 = 0.152431
2026-05-25 11:50:10,750 | INFO | Epoch 20 train_loss=0.108644 lr=0.00005075
2026-05-25 11:50:15,605 | INFO | Validation mAP@0.5 = 0.146742
2026-05-25 11:50:22,997 | INFO | Epoch 21 train_loss=0.077268 lr=0.00004202
2026-05-25 11:50:27,866 | INFO | Validation mAP@0.5 = 0.175221
2026-05-25 11:50:35,339 | INFO | Epoch 22 train_loss=0.090241 lr=0.00003392
2026-05-25 11:50:40,166 | INFO | Validation mAP@0.5 = 0.175174
2026-05-25 11:50:47,598 | INFO | Epoch 23 train_loss=0.074638 lr=0.00002656
2026-05-25 11:50:52,468 | INFO | Validation mAP@0.5 = 0.147192
2026-05-25 11:51:00,103 | INFO | Epoch 24 train_loss=0.086301 lr=0.00002000
2026-05-25 11:51:04,972 | INFO | Validation mAP@0.5 = 0.229330
2026-05-25 11:51:12,283 | INFO | Epoch 25 train_loss=0.085073 lr=0.00001433
2026-05-25 11:51:17,070 | INFO | Validation mAP@0.5 = 0.231362
2026-05-25 11:51:24,678 | INFO | Epoch 26 train_loss=0.065143 lr=0.00000960
2026-05-25 11:51:29,522 | INFO | Validation mAP@0.5 = 0.229330
2026-05-25 11:51:30,467 | INFO | Early stopping triggered at epoch 26
2026-05-25 11:51:31,080 | INFO | Training finished. best_mAP50=0.245915
