2026-05-24 23:04:58,853 | INFO | Logger initialized: /home/heqing/LBB_competition/logs/train_20260524_230458.log
2026-05-24 23:05:00,023 | INFO | Hardware: device=cuda gpu_count=8 gpu_names=['NVIDIA RTX A6000', 'NVIDIA RTX A6000', 'NVIDIA RTX A6000', 'NVIDIA RTX A6000', 'NVIDIA RTX A6000', 'NVIDIA RTX A6000', 'NVIDIA RTX A6000', 'NVIDIA RTX A6000'] total_vram_gb=379.21
2026-05-24 23:05:00,051 | INFO | Data split: train=132 val=32 | batch=4 workers=12
2026-05-24 23:05:00,651 | INFO | Model built: detector=fasterrcnn_resnet50_fpn_v2 classes=5 hybrid(proposal=True metric=True)
2026-05-24 23:05:11,713 | INFO | Epoch 1 train_loss=0.482750 lr=0.00019945
2026-05-24 23:05:19,788 | INFO | Validation mAP@0.5 = 0.000909
2026-05-24 23:05:21,098 | INFO | Saved new best checkpoint: /home/heqing/LBB_competition/checkpoints/best_model.pt
2026-05-24 23:05:30,660 | INFO | Epoch 2 train_loss=0.205866 lr=0.00019783
2026-05-24 23:05:34,784 | INFO | Validation mAP@0.5 = 0.005997
2026-05-24 23:05:35,801 | INFO | Saved new best checkpoint: /home/heqing/LBB_competition/checkpoints/best_model.pt
2026-05-24 23:05:43,505 | INFO | Epoch 3 train_loss=0.172483 lr=0.00019513
2026-05-24 23:05:47,395 | INFO | Validation mAP@0.5 = 0.007424
2026-05-24 23:05:48,362 | INFO | Saved new best checkpoint: /home/heqing/LBB_competition/checkpoints/best_model.pt
2026-05-24 23:05:56,147 | INFO | Epoch 4 train_loss=0.158974 lr=0.00019140
2026-05-24 23:05:59,998 | INFO | Validation mAP@0.5 = 0.052591
2026-05-24 23:06:00,925 | INFO | Saved new best checkpoint: /home/heqing/LBB_competition/checkpoints/best_model.pt
2026-05-24 23:06:10,028 | INFO | Epoch 5 train_loss=0.174842 lr=0.00018667
2026-05-24 23:06:17,208 | INFO | Validation mAP@0.5 = 0.052333
2026-05-24 23:06:26,462 | INFO | Epoch 6 train_loss=0.192591 lr=0.00018100
2026-05-24 23:06:30,331 | INFO | Validation mAP@0.5 = 0.132294
2026-05-24 23:06:31,242 | INFO | Saved new best checkpoint: /home/heqing/LBB_competition/checkpoints/best_model.pt
2026-05-24 23:06:38,859 | INFO | Epoch 7 train_loss=0.132662 lr=0.00017444
2026-05-24 23:06:42,919 | INFO | Validation mAP@0.5 = 0.086307
2026-05-24 23:06:50,594 | INFO | Epoch 8 train_loss=0.128368 lr=0.00016708
2026-05-24 23:06:56,992 | INFO | Validation mAP@0.5 = 0.065408
2026-05-24 23:07:06,023 | INFO | Epoch 9 train_loss=0.122933 lr=0.00015898
2026-05-24 23:07:10,037 | INFO | Validation mAP@0.5 = 0.158854
2026-05-24 23:07:10,982 | INFO | Saved new best checkpoint: /home/heqing/LBB_competition/checkpoints/best_model.pt
2026-05-24 23:07:18,807 | INFO | Epoch 10 train_loss=0.124342 lr=0.00015025
2026-05-24 23:07:22,739 | INFO | Validation mAP@0.5 = 0.123222
2026-05-24 23:07:30,673 | INFO | Epoch 11 train_loss=0.127874 lr=0.00014097
2026-05-24 23:07:36,008 | INFO | Validation mAP@0.5 = 0.153800
2026-05-24 23:07:45,581 | INFO | Epoch 12 train_loss=0.148817 lr=0.00013125
2026-05-24 23:07:49,457 | INFO | Validation mAP@0.5 = 0.190476
2026-05-24 23:07:50,476 | INFO | Saved new best checkpoint: /home/heqing/LBB_competition/checkpoints/best_model.pt
2026-05-24 23:07:58,452 | INFO | Epoch 13 train_loss=0.117006 lr=0.00012119
2026-05-24 23:08:02,752 | INFO | Validation mAP@0.5 = 0.174095
2026-05-24 23:08:10,467 | INFO | Epoch 14 train_loss=0.088486 lr=0.00011090
2026-05-24 23:08:17,159 | INFO | Validation mAP@0.5 = 0.210038
2026-05-24 23:08:19,184 | INFO | Saved new best checkpoint: /home/heqing/LBB_competition/checkpoints/best_model.pt
2026-05-24 23:08:27,565 | INFO | Epoch 15 train_loss=0.119709 lr=0.00010050
2026-05-24 23:08:31,456 | INFO | Validation mAP@0.5 = 0.177083
2026-05-24 23:08:39,392 | INFO | Epoch 16 train_loss=0.110876 lr=0.00009010
2026-05-24 23:08:43,241 | INFO | Validation mAP@0.5 = 0.222470
2026-05-24 23:08:44,184 | INFO | Saved new best checkpoint: /home/heqing/LBB_competition/checkpoints/best_model.pt
2026-05-24 23:08:52,204 | INFO | Epoch 17 train_loss=0.078977 lr=0.00007981
2026-05-24 23:08:59,523 | INFO | Validation mAP@0.5 = 0.138021
2026-05-24 23:09:08,338 | INFO | Epoch 18 train_loss=0.079562 lr=0.00006975
2026-05-24 23:09:12,215 | INFO | Validation mAP@0.5 = 0.146161
2026-05-24 23:09:19,769 | INFO | Epoch 19 train_loss=0.083117 lr=0.00006003
2026-05-24 23:09:23,925 | INFO | Validation mAP@0.5 = 0.188176
2026-05-24 23:09:31,773 | INFO | Epoch 20 train_loss=0.110987 lr=0.00005075
2026-05-24 23:09:37,798 | INFO | Validation mAP@0.5 = 0.175150
2026-05-24 23:09:47,007 | INFO | Epoch 21 train_loss=0.083332 lr=0.00004202
2026-05-24 23:09:51,188 | INFO | Validation mAP@0.5 = 0.182573
2026-05-24 23:09:58,959 | INFO | Epoch 22 train_loss=0.084013 lr=0.00003392
2026-05-24 23:10:02,853 | INFO | Validation mAP@0.5 = 0.119260
2026-05-24 23:10:10,625 | INFO | Epoch 23 train_loss=0.083320 lr=0.00002656
2026-05-24 23:10:14,739 | INFO | Validation mAP@0.5 = 0.162500
2026-05-24 23:10:24,734 | INFO | Epoch 24 train_loss=0.091029 lr=0.00002000
2026-05-24 23:10:28,784 | INFO | Validation mAP@0.5 = 0.175000
2026-05-24 23:10:29,756 | INFO | Early stopping triggered at epoch 24
2026-05-24 23:10:30,306 | INFO | Training finished. best_mAP50=0.222470
