2026-05-24 23:14:48,144 | INFO | Logger initialized: /home/heqing/LBB_competition/logs/seed123/train_20260524_231448.log
2026-05-24 23:14:49,289 | INFO | Hardware: device=cuda gpu_count=8 gpu_names=['NVIDIA RTX A6000', 'NVIDIA RTX A6000', 'NVIDIA RTX A6000', 'NVIDIA RTX A6000', 'NVIDIA RTX A6000', 'NVIDIA RTX A6000', 'NVIDIA RTX A6000', 'NVIDIA RTX A6000'] total_vram_gb=379.21
2026-05-24 23:14:49,319 | INFO | Data split: train=132 val=32 | batch=4 workers=12
2026-05-24 23:14:49,916 | INFO | Model built: detector=fasterrcnn_resnet50_fpn_v2 classes=5 hybrid(proposal=True metric=True)
2026-05-24 23:15:00,033 | INFO | Epoch 1 train_loss=0.413166 lr=0.00019945
2026-05-24 23:15:04,172 | INFO | Validation mAP@0.5 = 0.000711
2026-05-24 23:15:04,842 | INFO | Saved new best checkpoint: /home/heqing/LBB_competition/checkpoints/seed123/best_model.pt
2026-05-24 23:15:12,490 | INFO | Epoch 2 train_loss=0.230343 lr=0.00019783
2026-05-24 23:15:16,564 | INFO | Validation mAP@0.5 = 0.021760
2026-05-24 23:15:17,536 | INFO | Saved new best checkpoint: /home/heqing/LBB_competition/checkpoints/seed123/best_model.pt
2026-05-24 23:15:25,307 | INFO | Epoch 3 train_loss=0.235665 lr=0.00019513
2026-05-24 23:15:29,279 | INFO | Validation mAP@0.5 = 0.196429
2026-05-24 23:15:30,273 | INFO | Saved new best checkpoint: /home/heqing/LBB_competition/checkpoints/seed123/best_model.pt
2026-05-24 23:15:39,498 | INFO | Epoch 4 train_loss=0.188731 lr=0.00019140
2026-05-24 23:15:43,576 | INFO | Validation mAP@0.5 = 0.040047
2026-05-24 23:15:51,446 | INFO | Epoch 5 train_loss=0.229616 lr=0.00018667
2026-05-24 23:15:55,613 | INFO | Validation mAP@0.5 = 0.193404
2026-05-24 23:16:03,326 | INFO | Epoch 6 train_loss=0.170880 lr=0.00018100
2026-05-24 23:16:07,456 | INFO | Validation mAP@0.5 = 0.112500
2026-05-24 23:16:16,586 | INFO | Epoch 7 train_loss=0.140446 lr=0.00017444
2026-05-24 23:16:20,708 | INFO | Validation mAP@0.5 = 0.148526
2026-05-24 23:16:28,459 | INFO | Epoch 8 train_loss=0.166751 lr=0.00016708
2026-05-24 23:16:32,617 | INFO | Validation mAP@0.5 = 0.081258
2026-05-24 23:16:40,454 | INFO | Epoch 9 train_loss=0.120033 lr=0.00015898
2026-05-24 23:16:44,652 | INFO | Validation mAP@0.5 = 0.140891
2026-05-24 23:16:55,009 | INFO | Epoch 10 train_loss=0.203617 lr=0.00015025
2026-05-24 23:16:59,094 | INFO | Validation mAP@0.5 = 0.122945
2026-05-24 23:17:06,908 | INFO | Epoch 11 train_loss=0.155639 lr=0.00014097
2026-05-24 23:17:10,881 | INFO | Validation mAP@0.5 = 0.165722
2026-05-24 23:17:11,820 | INFO | Early stopping triggered at epoch 11
2026-05-24 23:17:12,407 | INFO | Training finished. best_mAP50=0.196429
